{"level":"info","message":"Server running on port 5000","service":"ccb-backend","timestamp":"2026-02-09 15:53:00"}
{"level":"info","message":"Environment: development","service":"ccb-backend","timestamp":"2026-02-09 15:53:00"}
{"level":"info","message":"Health check available at: http://localhost:5000/health","service":"ccb-backend","timestamp":"2026-02-09 15:53:00"}
{"level":"info","message":"Connected to PostgreSQL database successfully.","service":"ccb-backend","timestamp":"2026-02-09 15:53:00"}
{"level":"info","message":"Server running on port 5000","service":"ccb-backend","timestamp":"2026-02-09 16:14:14"}
{"level":"info","message":"Environment: development","service":"ccb-backend","timestamp":"2026-02-09 16:14:14"}
{"level":"info","message":"Health check available at: http://localhost:5000/health","service":"ccb-backend","timestamp":"2026-02-09 16:14:14"}
{"level":"info","message":"Connected to PostgreSQL database successfully.","service":"ccb-backend","timestamp":"2026-02-09 16:14:15"}
{"level":"info","message":"Server running on port 5000","service":"ccb-backend","timestamp":"2026-03-17 08:42:38"}
{"level":"info","message":"Environment: development","service":"ccb-backend","timestamp":"2026-03-17 08:42:38"}
{"level":"info","message":"Health check available at: http://localhost:5000/health","service":"ccb-backend","timestamp":"2026-03-17 08:42:38"}
{"level":"info","message":"Connected to PostgreSQL database successfully.","service":"ccb-backend","timestamp":"2026-03-17 08:42:39"}
{"level":"info","message":"Server running on port 5000","service":"ccb-backend","timestamp":"2026-03-17 08:53:23"}
{"level":"info","message":"Environment: development","service":"ccb-backend","timestamp":"2026-03-17 08:53:23"}
{"level":"info","message":"Health check available at: http://localhost:5000/health","service":"ccb-backend","timestamp":"2026-03-17 08:53:23"}
{"level":"info","message":"Connected to PostgreSQL database successfully.","service":"ccb-backend","timestamp":"2026-03-17 08:53:23"}
{"level":"info","message":"Server running on port 5000","service":"ccb-backend","timestamp":"2026-03-17 08:58:25"}
{"level":"info","message":"Environment: development","service":"ccb-backend","timestamp":"2026-03-17 08:58:25"}
{"level":"info","message":"Health check available at: http://localhost:5000/health","service":"ccb-backend","timestamp":"2026-03-17 08:58:25"}
{"level":"info","message":"Connected to PostgreSQL database successfully.","service":"ccb-backend","timestamp":"2026-03-17 08:58:25"}
{"level":"info","message":"Server running on port 5000","service":"ccb-backend","timestamp":"2026-03-17 08:58:46"}
{"level":"info","message":"Environment: development","service":"ccb-backend","timestamp":"2026-03-17 08:58:46"}
{"level":"info","message":"Health check available at: http://localhost:5000/health","service":"ccb-backend","timestamp":"2026-03-17 08:58:46"}
{"level":"info","message":"Connected to PostgreSQL database successfully.","service":"ccb-backend","timestamp":"2026-03-17 08:58:46"}
{"level":"info","message":"Server running on port 5000","service":"ccb-backend","timestamp":"2026-03-17 09:04:54"}
{"level":"info","message":"Environment: development","service":"ccb-backend","timestamp":"2026-03-17 09:04:54"}
{"level":"info","message":"Health check available at: http://localhost:5000/health","service":"ccb-backend","timestamp":"2026-03-17 09:04:54"}
{"level":"info","message":"Connected to PostgreSQL database successfully.","service":"ccb-backend","timestamp":"2026-03-17 09:04:54"}
{"eventId":"2","level":"info","message":"Event deleted successfully","service":"ccb-backend","timestamp":"2026-03-17 09:08:17"}
{"action":"delete","id":2,"level":"info","message":"Data change notification","service":"ccb-backend","timestamp":"2026-03-17 09:08:17","type":"events"}
{"eventId":"3","level":"info","message":"Event created successfully","service":"ccb-backend","timestamp":"2026-03-17 09:13:31","title":"awdawdwad"}
{"action":"create","id":"3","level":"info","message":"Data change notification","service":"ccb-backend","timestamp":"2026-03-17 09:13:31","type":"events"}
{"eventId":"3","level":"info","message":"Event deleted successfully","service":"ccb-backend","timestamp":"2026-03-17 09:15:21"}
{"action":"delete","id":3,"level":"info","message":"Data change notification","service":"ccb-backend","timestamp":"2026-03-17 09:15:21","type":"events"}
{"level":"info","message":"Server running on port 5000","service":"ccb-backend","timestamp":"2026-03-17 09:21:26"}
{"level":"info","message":"Environment: development","service":"ccb-backend","timestamp":"2026-03-17 09:21:26"}
{"level":"info","message":"Health check available at: http://localhost:5000/health","service":"ccb-backend","timestamp":"2026-03-17 09:21:26"}
{"level":"info","message":"Connected to PostgreSQL database successfully.","service":"ccb-backend","timestamp":"2026-03-17 09:21:26"}
{"level":"info","message":"Server running on port 5000","service":"ccb-backend","timestamp":"2026-03-18 08:51:29"}
{"level":"info","message":"Environment: development","service":"ccb-backend","timestamp":"2026-03-18 08:51:29"}
{"level":"info","message":"Health check available at: http://localhost:5000/health","service":"ccb-backend","timestamp":"2026-03-18 08:51:29"}
{"level":"info","message":"Connected to PostgreSQL database successfully.","service":"ccb-backend","timestamp":"2026-03-18 08:51:30"}
{"level":"info","message":"Server running on port 5000","service":"ccb-backend","timestamp":"2026-03-18 08:51:36"}
{"level":"info","message":"Environment: development","service":"ccb-backend","timestamp":"2026-03-18 08:51:36"}
{"level":"info","message":"Health check available at: http://localhost:5000/health","service":"ccb-backend","timestamp":"2026-03-18 08:51:36"}
{"level":"info","message":"Connected to PostgreSQL database successfully.","service":"ccb-backend","timestamp":"2026-03-18 08:51:36"}
{"level":"info","message":"Server running on port 5000","service":"ccb-backend","timestamp":"2026-03-18 10:03:02"}
{"level":"info","message":"Environment: development","service":"ccb-backend","timestamp":"2026-03-18 10:03:02"}
{"level":"info","message":"Health check available at: http://localhost:5000/health","service":"ccb-backend","timestamp":"2026-03-18 10:03:02"}
{"level":"info","message":"Connected to PostgreSQL database successfully.","service":"ccb-backend","timestamp":"2026-03-18 10:03:02"}
{"level":"info","message":"Server running on port 5000","service":"ccb-backend","timestamp":"2026-03-18 10:03:42"}
{"level":"info","message":"Environment: development","service":"ccb-backend","timestamp":"2026-03-18 10:03:42"}
{"level":"info","message":"Health check available at: http://localhost:5000/health","service":"ccb-backend","timestamp":"2026-03-18 10:03:42"}
{"level":"info","message":"Connected to PostgreSQL database successfully.","service":"ccb-backend","timestamp":"2026-03-18 10:03:43"}
{"level":"info","message":"Server running on port 5000","service":"ccb-backend","timestamp":"2026-03-18 10:50:33"}
{"level":"info","message":"Environment: development","service":"ccb-backend","timestamp":"2026-03-18 10:50:33"}
{"level":"info","message":"Health check available at: http://localhost:5000/health","service":"ccb-backend","timestamp":"2026-03-18 10:50:33"}
{"level":"info","message":"Connected to PostgreSQL database successfully.","service":"ccb-backend","timestamp":"2026-03-18 10:50:34"}
{"action":"create","id":"1","level":"info","message":"Data change notification","service":"ccb-backend","timestamp":"2026-03-18 10:50:50","type":"homepage-features"}
{"action":"create","id":"2","level":"info","message":"Data change notification","service":"ccb-backend","timestamp":"2026-03-18 10:51:03","type":"homepage-features"}
{"action":"create","id":"3","level":"info","message":"Data change notification","service":"ccb-backend","timestamp":"2026-03-18 10:51:20","type":"homepage-features"}
{"action":"update","id":"3","level":"info","message":"Data change notification","service":"ccb-backend","timestamp":"2026-03-18 10:54:54","type":"homepage-features"}
{"action":"update","id":"3","level":"info","message":"Data change notification","service":"ccb-backend","timestamp":"2026-03-18 10:56:26","type":"homepage-features"}
{"action":"update","id":"2","level":"info","message":"Data change notification","service":"ccb-backend","timestamp":"2026-03-18 10:59:09","type":"homepage-features"}
{"level":"info","message":"Server running on port 5000","service":"ccb-backend","timestamp":"2026-03-18 11:34:44"}
{"level":"info","message":"Environment: development","service":"ccb-backend","timestamp":"2026-03-18 11:34:44"}
{"level":"info","message":"Health check available at: http://localhost:5000/health","service":"ccb-backend","timestamp":"2026-03-18 11:34:44"}
{"level":"info","message":"Connected to PostgreSQL database successfully.","service":"ccb-backend","timestamp":"2026-03-18 11:34:44"}
{"level":"info","message":"Server running on port 5000","service":"ccb-backend","timestamp":"2026-03-19 08:33:14"}
{"level":"info","message":"Environment: development","service":"ccb-backend","timestamp":"2026-03-19 08:33:14"}
{"level":"info","message":"Health check available at: http://localhost:5000/health","service":"ccb-backend","timestamp":"2026-03-19 08:33:14"}
{"level":"info","message":"Connected to PostgreSQL database successfully.","service":"ccb-backend","timestamp":"2026-03-19 08:33:14"}
{"level":"info","message":"Server running on port 5000","service":"ccb-backend","timestamp":"2026-03-19 08:40:00"}
{"level":"info","message":"Environment: development","service":"ccb-backend","timestamp":"2026-03-19 08:40:00"}
{"level":"info","message":"Health check available at: http://localhost:5000/health","service":"ccb-backend","timestamp":"2026-03-19 08:40:00"}
{"level":"info","message":"Connected to PostgreSQL database successfully.","service":"ccb-backend","timestamp":"2026-03-19 08:40:00"}
{"level":"info","message":"Server running on port 5000","service":"ccb-backend","timestamp":"2026-03-19 08:44:17"}
{"level":"info","message":"Environment: development","service":"ccb-backend","timestamp":"2026-03-19 08:44:17"}
{"level":"info","message":"Health check available at: http://localhost:5000/health","service":"ccb-backend","timestamp":"2026-03-19 08:44:17"}
{"level":"info","message":"Connected to PostgreSQL database successfully.","service":"ccb-backend","timestamp":"2026-03-19 08:44:17"}
{"action":"delete","id":3,"level":"info","message":"Data change notification","service":"ccb-backend","timestamp":"2026-03-19 08:44:37","type":"homepage-features"}
{"action":"delete","id":2,"level":"info","message":"Data change notification","service":"ccb-backend","timestamp":"2026-03-19 08:44:38","type":"homepage-features"}
{"action":"delete","id":1,"level":"info","message":"Data change notification","service":"ccb-backend","timestamp":"2026-03-19 08:44:39","type":"homepage-features"}
{"level":"info","message":"News created successfully","newsId":"4","service":"ccb-backend","timestamp":"2026-03-19 10:01:51","title":"sample 1"}
{"action":"create","id":"4","level":"info","message":"Data change notification","service":"ccb-backend","timestamp":"2026-03-19 10:01:51","type":"news"}
{"eventId":"4","level":"info","message":"Event created successfully","service":"ccb-backend","timestamp":"2026-03-19 10:02:35","title":"sample 1"}
{"action":"create","id":"4","level":"info","message":"Data change notification","service":"ccb-backend","timestamp":"2026-03-19 10:02:35","type":"events"}
{"eventId":"5","level":"info","message":"Event created successfully","service":"ccb-backend","timestamp":"2026-03-19 10:03:09","title":"sample 2"}
{"action":"create","id":"5","level":"info","message":"Data change notification","service":"ccb-backend","timestamp":"2026-03-19 10:03:09","type":"events"}
{"level":"info","message":"Server running on port 5000","service":"ccb-backend","timestamp":"2026-03-23 08:26:27"}
{"level":"info","message":"Environment: development","service":"ccb-backend","timestamp":"2026-03-23 08:26:27"}
{"level":"info","message":"Health check available at: http://localhost:5000/health","service":"ccb-backend","timestamp":"2026-03-23 08:26:27"}
{"level":"info","message":"Connected to PostgreSQL database successfully.","service":"ccb-backend","timestamp":"2026-03-23 08:26:27"}
{"level":"info","message":"Server running on port 5000","service":"ccb-backend","timestamp":"2026-04-14 14:27:09"}
{"level":"info","message":"Environment: development","service":"ccb-backend","timestamp":"2026-04-14 14:27:09"}
{"level":"info","message":"Health check available at: http://localhost:5000/health","service":"ccb-backend","timestamp":"2026-04-14 14:27:09"}
{"level":"info","message":"Connected to PostgreSQL database successfully.","service":"ccb-backend","timestamp":"2026-04-14 14:27:09"}
{"level":"info","message":"Server running on port 5000","service":"ccb-backend","timestamp":"2026-04-15 13:10:58"}
{"level":"info","message":"Environment: development","service":"ccb-backend","timestamp":"2026-04-15 13:10:58"}
{"level":"info","message":"Health check available at: http://localhost:5000/health","service":"ccb-backend","timestamp":"2026-04-15 13:10:58"}
{"level":"info","message":"Connected to PostgreSQL database successfully.","service":"ccb-backend","timestamp":"2026-04-15 13:10:59"}
{"level":"info","message":"Server running on port 5000","service":"ccb-backend","timestamp":"2026-04-15 13:27:20"}
{"level":"info","message":"Environment: development","service":"ccb-backend","timestamp":"2026-04-15 13:27:20"}
{"level":"info","message":"Health check available at: http://localhost:5000/health","service":"ccb-backend","timestamp":"2026-04-15 13:27:20"}
{"level":"info","message":"Connected to PostgreSQL database successfully.","service":"ccb-backend","timestamp":"2026-04-15 13:27:20"}
{"level":"info","message":"Server running on port 5000","service":"ccb-backend","timestamp":"2026-04-16 07:15:47"}
{"level":"info","message":"Environment: development","service":"ccb-backend","timestamp":"2026-04-16 07:15:47"}
{"level":"info","message":"Health check available at: http://localhost:5000/health","service":"ccb-backend","timestamp":"2026-04-16 07:15:47"}
{"level":"info","message":"Connected to PostgreSQL database successfully.","service":"ccb-backend","timestamp":"2026-04-16 07:15:50"}
{"action":"create","id":"4","level":"info","message":"Data change notification","service":"ccb-backend","timestamp":"2026-04-16 12:18:40","type":"homepage-features"}
